-3.8129 -3.81107
-3.81223 -3.81057
-3.81863 -3.8187
-3.81956 -3.81927
-3.76658 -3.77989
