100     0.06228    0.01749    0.02075    0.00191      0.01928      0.02857      0.00606      0.01879      0.05152      
