2.09158 2.10481 2.10033 -0.000434416 0.0129462 -0.00659017 2.51867 2.51705 2.51931 0.000544339 -0.000172886 0.000750031
2.13252 2.14676 2.14985 -0.00793342 0.0264884 0.0231179 2.53124 2.53538 2.53443 -0.000907072 -0.000914256 0.00045762
-0.612354 -0.604929 -0.592141 -0.00796099 0.005269 0.00627118 -0.468201 -0.471845 -0.471943 -0.00015718 0.000461427 0.000207794
-0.0595198 -0.0593529 -0.059353 5.89755e-08 3.37347e-08 6.06981e-08 -0.00256216 -0.00268301 -0.00268301 -0 -0 -0
-5.28077 -5.27642 -5.28357 0.00946559 0.00182697 0.00199759 -3.9935 -3.99237 -3.99241 0.000178646 -0.000128472 0.000207473
