0.198778 0.200034 0.199609 -4.12856e-05 0.00123037 -0.00062631 0.239367 0.239213 0.239427 5.17324e-05 -1.64306e-05 7.12807e-05
0.202669 0.204022 0.204315 -0.000753968 0.00251738 0.00219706 0.240562 0.240955 0.240865 -8.62054e-05 -8.68882e-05 4.34908e-05
-0.0627887 -0.0620274 -0.0607161 -0.000816293 0.000540266 0.000643025 -0.0480077 -0.0483813 -0.0483915 -1.61167e-05 4.73132e-05 2.13065e-05
-0.00601837 -0.00600149 -0.0060015 5.96333e-09 3.4111e-09 6.13751e-09 -0.000259074 -0.000271293 -0.000271293 -0 -0 -0
-0.626821 -0.626305 -0.627154 0.00112356 0.00021686 0.000237111 -0.474024 -0.47389 -0.473895 2.12051e-05 -1.52495e-05 2.46268e-05
