-3.78179 -3.80685
-3.78275 -3.8187
-3.78292 -3.81927
-3.78319 -3.81107
-3.78292 -3.81927
-3.77989 -3.77989
