-0.0670679 -0.0670511 -0.0670511 -9.28138e-09 -1.3954e-09 4.09584e-10 -0.00256216 -0.00268301 -0.00268301 -0 -0 -0
-0.0670679 -0.0670511 -0.0670511 -9.28138e-09 -1.3954e-09 4.09584e-10 -0.00256216 -0.00268301 -0.00268301 -0 -0 -0
-0.0670679 -0.0670511 -0.0670511 -9.28138e-09 -1.3954e-09 4.09584e-10 -0.00256216 -0.00268301 -0.00268301 -0 -0 -0
-0.0669983 -0.0670757 -0.0670756 -1.34123e-08 -1.0797e-08 -3.63501e-09 -0.00242368 -0.00256437 -0.00256437 -0 -0 -0
-0.0807668 -0.0862821 -0.0864809 0.000318071 -0.000447733 -3.88297e-05 -0.468201 -0.471845 -0.471943 -0.00015718 0.000461427 0.000207794
-0.0361613 -0.03829 -0.0366973 -0.000102951 0.000256356 0.000318317 2.51867 2.51705 2.51931 0.000544339 -0.000172886 0.000750031
-0.181989 -0.167354 -0.162539 0.000310456 -0.000405804 -0.000718024 -2.56177 -2.56028 -2.5634 -0.00028205 -0.000313563 9.8432e-05
-0.286757 -0.290275 -0.292576 0.00076832 -0.000159377 0.000987824 -3.9935 -3.99237 -3.99241 0.000178646 -0.000128472 0.000207473
